// Jest Snapshot v1, https://goo.gl/fbAQLP

exports[`should display the Character component 1`] = `
<div>
  <section
    style="display: flex; flex-direction: column; width: 300px; height: 100vh; text-align: center; align-content: center; margin-left: auto; margin-right: auto;"
  >
    <article
      aria-label="Head"
      class="head"
      style="background-image: url(./alien-head.png); width: 200px; height: 200px; background-size: cover; background-repeat: no-repeat;"
    >
      Head
    </article>
    <article
      aria-label="Middle"
      class="middle"
      style="background-image: url(./cool-middle.png); width: 200px; height: 200px; background-size: cover; background-repeat: no-repeat;"
    >
      middle
    </article>
    <article
      aria-label="Pants"
      class="pants"
      style="background-image: url(./bread-pants.png); display: flex; flex-direction: column; width: 200px; height: 200px; background-size: cover; background-repeat: no-repeat;"
    >
      pants
    </article>
  </section>
</div>
`;
